[<tr><th class="right" csk="1" data-stat="ranker" scope="row">1</th><td class="left" csk="1" data-stat="pos"><strong>C</strong></td><td class="left" csk="Raleigh,Cal" data-append-csv="raleica01" data-stat="player"><a href="/players/r/raleica01.shtml">Cal Raleigh</a>#</td><td class="right" data-stat="age">26</td><td class="right" data-stat="G">145</td><td class="right" data-stat="PA">569</td><td class="right" data-stat="AB">513</td><td class="right" data-stat="R">78</td><td class="right" data-stat="H">119</td><td class="right" data-stat="2B">23</td><td class="right" data-stat="3B">1</td><td class="right" data-stat="HR">30</td><td class="right" data-stat="RBI">75</td><td class="right iz" data-stat="SB">0</td><td class="right iz" data-stat="CS">0</td><td class="right" data-stat="BB">54</td><td class="right" data-stat="SO">158</td><td class="right" data-stat="batting_avg">.232</td><td class="right" data-stat="onbase_perc">.306</td><td class="right" data-stat="slugging_perc">.456</td><td class="right" data-stat="onbase_plus_slugging">.762</td><td class="right" data-stat="onbase_plus_slugging_plus">114</td><td class="right" data-stat="TB">234</td><td class="right" data-stat="GIDP">6</td><td class="right" data-stat="HBP">1</td><td class="right iz" data-stat="SH">0</td><td class="right" data-stat="SF">1</td><td class="right" data-stat="IBB">1</td></tr>, <tr><th class="right" csk="2" data-stat="ranker" scope="row">2</th><td class="left" csk="2" data-stat="pos"><strong>1B</strong></td><td class="left" csk="France,Ty" data-append-csv="francty01" data-stat="player"><a href="/players/f/francty01.shtml">Ty France</a></td><td class="right" data-stat="age">28</td><td class="right" data-stat="G">158</td><td class="right" data-stat="PA">665</td><td class="right" data-stat="AB">587</td><td class="right" data-stat="R">79</td><td class="right" data-stat="H">147</td><td class="right" data-stat="2B">32</td><td class="right iz" data-stat="3B">0</td><td class="right" data-stat="HR">12</td><td class="right" data-stat="RBI">58</td><td class="right" data-stat="SB">1</td><td class="right iz" data-stat="CS">0</td><td class="right" data-stat="BB">43</td><td class="right" data-stat="SO">117</td><td class="right" data-stat="batting_avg">.250</td><td class="right" data-stat="onbase_perc">.337</td><td class="right" data-stat="slugging_perc">.366</td><td class="right" data-stat="onbase_plus_slugging">.703</td><td class="right" data-stat="onbase_plus_slugging_plus">101</td><td class="right" data-stat="TB">215</td><td class="right" data-stat="GIDP">25</td><td class="right" data-stat="HBP">34</td><td class="right iz" data-stat="SH">0</td><td class="right" data-stat="SF">1</td><td class="right iz" data-stat="IBB">0</td></tr>, <tr class="non_qual"><th class="right" csk="3" data-stat="ranker" scope="row">3</th><td class="left" csk="5" data-stat="pos"><strong>2B</strong></td><td class="left" csk="Wong,Kolten" data-append-csv="wongko01" data-stat="player"><a href="/players/w/wongko01.shtml">Kolten Wong</a>*</td><td class="right" data-stat="age">32</td><td class="right" data-stat="G">67</td><td class="right" data-stat="PA">216</td><td class="right" data-stat="AB">194</td><td class="right" data-stat="R">21</td><td class="right" data-stat="H">32</td><td class="right" data-stat="2B">6</td><td class="right iz" data-stat="3B">0</td><td class="right" data-stat="HR">2</td><td class="right" data-stat="RBI">19</td><td class="right" data-stat="SB">1</td><td class="right" data-stat="CS">1</td><td class="right" data-stat="BB">16</td><td class="right" data-stat="SO">46</td><td class="right" data-stat="batting_avg">.165</td><td class="right" data-stat="onbase_perc">.241</td><td class="right" data-stat="slugging_perc">.227</td><td class="right" data-stat="onbase_plus_slugging">.468</td><td class="right" data-stat="onbase_plus_slugging_plus">35</td><td class="right" data-stat="TB">44</td><td class="right iz" data-stat="GIDP">0</td><td class="right" data-stat="HBP">4</td><td class="right iz" data-stat="SH">0</td><td class="right" data-stat="SF">2</td><td class="right iz" data-stat="IBB">0</td></tr>, <tr><th class="right" csk="4" data-stat="ranker" scope="row">4</th><td class="left" csk="6" data-stat="pos"><strong>SS</strong></td><td class="left" csk="Crawford,J.P." data-append-csv="crawfjp01" data-stat="player"><a href="/players/c/crawfjp01.shtml">J.P. Crawford</a>*</td><td class="right" data-stat="age">28</td><td class="right" data-stat="G">145</td><td class="right" data-stat="PA">638</td><td class="right" data-stat="AB">534</td><td class="right" data-stat="R">94</td><td class="right" data-stat="H">142</td><td class="right" data-stat="2B">35</td><td class="right iz" data-stat="3B">0</td><td class="right" data-stat="HR">19</td><td class="right" data-stat="RBI">65</td><td class="right" data-stat="SB">2</td><td class="right iz" data-stat="CS">0</td><td class="right" data-stat="BB">94</td><td class="right" data-stat="SO">125</td><td class="right" data-stat="batting_avg">.266</td><td class="right" data-stat="onbase_perc">.380</td><td class="right" data-stat="slugging_perc">.438</td><td class="right" data-stat="onbase_plus_slugging">.818</td><td class="right" data-stat="onbase_plus_slugging_plus">133</td><td class="right" data-stat="TB">234</td><td class="right" data-stat="GIDP">7</td><td class="right" data-stat="HBP">5</td><td class="right" data-stat="SH">3</td><td class="right" data-stat="SF">2</td><td class="right" data-stat="IBB">1</td></tr>, <tr><th class="right" csk="5" data-stat="ranker" scope="row">5</th><td class="left" csk="3" data-stat="pos"><strong>3B</strong></td><td class="left" csk="Suárez,Eugenio" data-append-csv="suareeu01" data-stat="player"><a href="/players/s/suareeu01.shtml">Eugenio Suárez</a></td><td class="right" data-stat="age">31</td><td class="right" data-stat="G">162</td><td class="right" data-stat="PA">694</td><td class="right" data-stat="AB">598</td><td class="right" data-stat="R">68</td><td class="right" data-stat="H">139</td><td class="right" data-stat="2B">29</td><td class="right iz" data-stat="3B">0</td><td class="right" data-stat="HR">22</td><td class="right" data-stat="RBI">96</td><td class="right" data-stat="SB">2</td><td class="right" data-stat="CS">1</td><td class="right" data-stat="BB">70</td><td class="right" data-stat="SO">214</td><td class="right" data-stat="batting_avg">.232</td><td class="right" data-stat="onbase_perc">.323</td><td class="right" data-stat="slugging_perc">.391</td><td class="right" data-stat="onbase_plus_slugging">.714</td><td class="right" data-stat="onbase_plus_slugging_plus">103</td><td class="right" data-stat="TB">234</td><td class="right" data-stat="GIDP">10</td><td class="right" data-stat="HBP">15</td><td class="right iz" data-stat="SH">0</td><td class="right" data-stat="SF">11</td><td class="right iz" data-stat="IBB">0</td></tr>, <tr><th class="right" csk="7" data-stat="ranker" scope="row">6</th><td class="left" csk="9" data-stat="pos"><strong>LF</strong></td><td class="left" csk="Kelenic,Jarred" data-append-csv="kelenja01" data-stat="player"><a href="/players/k/kelenja01.shtml">Jarred Kelenic</a>*</td><td class="right" data-stat="age">23</td><td class="right" data-stat="G">105</td><td class="right" data-stat="PA">416</td><td class="right" data-stat="AB">372</td><td class="right" data-stat="R">44</td><td class="right" data-stat="H">94</td><td class="right" data-stat="2B">25</td><td class="right" data-stat="3B">2</td><td class="right" data-stat="HR">11</td><td class="right" data-stat="RBI">49</td><td class="right" data-stat="SB">13</td><td class="right" data-stat="CS">5</td><td class="right" data-stat="BB">41</td><td class="right" data-stat="SO">132</td><td class="right" data-stat="batting_avg">.253</td><td class="right" data-stat="onbase_perc">.327</td><td class="right" data-stat="slugging_perc">.419</td><td class="right" data-stat="onbase_plus_slugging">.746</td><td class="right" data-stat="onbase_plus_slugging_plus">111</td><td class="right" data-stat="TB">156</td><td class="right" data-stat="GIDP">6</td><td class="right" data-stat="HBP">1</td><td class="right iz" data-stat="SH">0</td><td class="right" data-stat="SF">2</td><td class="right" data-stat="IBB">4</td></tr>, <tr><th class="right" csk="8" data-stat="ranker" scope="row">7</th><td class="left" csk="10" data-stat="pos"><strong>CF</strong></td><td class="left" csk="Rodríguez,Julio" data-append-csv="rodriju01" data-stat="player"><a href="/players/r/rodriju01.shtml">Julio Rodríguez</a></td><td class="right" data-stat="age">22</td><td class="right" data-stat="G">155</td><td class="right" data-stat="PA">714</td><td class="right" data-stat="AB">654</td><td class="right" data-stat="R">102</td><td class="right" data-stat="H">180</td><td class="right" data-stat="2B">37</td><td class="right" data-stat="3B">2</td><td class="right" data-stat="HR">32</td><td class="right" data-stat="RBI">103</td><td class="right" data-stat="SB">37</td><td class="right" data-stat="CS">10</td><td class="right" data-stat="BB">47</td><td class="right" data-stat="SO">175</td><td class="right" data-stat="batting_avg">.275</td><td class="right" data-stat="onbase_perc">.333</td><td class="right" data-stat="slugging_perc">.485</td><td class="right" data-stat="onbase_plus_slugging">.818</td><td class="right" data-stat="onbase_plus_slugging_plus">130</td><td class="right" data-stat="TB">317</td><td class="right" data-stat="GIDP">14</td><td class="right" data-stat="HBP">11</td><td class="right iz" data-stat="SH">0</td><td class="right" data-stat="SF">2</td><td class="right" data-stat="IBB">6</td></tr>, <tr><th class="right" csk="9" data-stat="ranker" scope="row">8</th><td class="left" csk="11" data-stat="pos"><strong>RF</strong></td><td class="left" csk="Hernández,Teoscar" data-append-csv="hernate01" data-stat="player"><a href="/players/h/hernate01.shtml">Teoscar Hernández</a></td><td class="right" data-stat="age">30</td><td class="right" data-stat="G">160</td><td class="right" data-stat="PA">678</td><td class="right" data-stat="AB">625</td><td class="right" data-stat="R">70</td><td class="right" data-stat="H">161</td><td class="right" data-stat="2B">29</td><td class="right" data-stat="3B">2</td><td class="right" data-stat="HR">26</td><td class="right" data-stat="RBI">93</td><td class="right" data-stat="SB">7</td><td class="right" data-stat="CS">2</td><td class="right" data-stat="BB">38</td><td class="right" data-stat="SO">211</td><td class="right" data-stat="batting_avg">.258</td><td class="right" data-stat="onbase_perc">.305</td><td class="right" data-stat="slugging_perc">.435</td><td class="right" data-stat="onbase_plus_slugging">.741</td><td class="right" data-stat="onbase_plus_slugging_plus">108</td><td class="right" data-stat="TB">272</td><td class="right" data-stat="GIDP">6</td><td class="right" data-stat="HBP">8</td><td class="right iz" data-stat="SH">0</td><td class="right" data-stat="SF">7</td><td class="right" data-stat="IBB">2</td></tr>, <tr class="non_qual"><th class="right" csk="14" data-stat="ranker" scope="row">9</th><td class="left" csk="14" data-stat="pos"><strong>DH</strong></td><td class="left" csk="Ford,Mike" data-append-csv="fordmi01" data-stat="player"><a href="/players/f/fordmi01.shtml">Mike Ford</a>*</td><td class="right" data-stat="age">30</td><td class="right" data-stat="G">83</td><td class="right" data-stat="PA">251</td><td class="right" data-stat="AB">219</td><td class="right" data-stat="R">32</td><td class="right" data-stat="H">50</td><td class="right" data-stat="2B">6</td><td class="right iz" data-stat="3B">0</td><td class="right" data-stat="HR">16</td><td class="right" data-stat="RBI">34</td><td class="right iz" data-stat="SB">0</td><td class="right iz" data-stat="CS">0</td><td class="right" data-stat="BB">24</td><td class="right" data-stat="SO">81</td><td class="right" data-stat="batting_avg">.228</td><td class="right" data-stat="onbase_perc">.323</td><td class="right" data-stat="slugging_perc">.475</td><td class="right" data-stat="onbase_plus_slugging">.798</td><td class="right" data-stat="onbase_plus_slugging_plus">124</td><td class="right" data-stat="TB">104</td><td class="right" data-stat="GIDP">4</td><td class="right" data-stat="HBP">7</td><td class="right iz" data-stat="SH">0</td><td class="right" data-stat="SF">1</td><td class="right iz" data-stat="IBB">0</td></tr>, <tr class="thead">
<th aria-label="Rk" class="tooltip ranker sort_default_asc show_partial_when_sorting center" data-stat="ranker" data-tip="&lt;strong&gt;Rank&lt;/strong&gt;&lt;br&gt;This is a count of the rows from top to bottom.&lt;br&gt;It is recalculated following the sorting of a column.">Rk</th>
<th aria-label="Pos" class="sort_default_asc left" data-stat="pos" data-tip="&lt;strong&gt;Position&lt;/strong&gt;">Pos</th>
<th aria-label="Name" class="sort_default_asc show_partial_when_sorting left" data-stat="player" data-tip="&lt;strong&gt;Player Name&lt;/strong&gt;&lt;br&gt;&lt;strong&gt;Bold&lt;/strong&gt; can mean player is active for this team&lt;br&gt;or player has appeared in the majors&lt;br&gt;* means LHP or LHB,&lt;br&gt;# means switch hitter,&lt;br&gt;+ can mean HOFer.">Name</th>
<th aria-label="Age" class="sort_default_asc show_partial_when_sorting center" data-stat="age" data-tip="Player’s age at midnight of June 30th of that year">Age</th>
<th aria-label="Games Played" class="center" data-stat="G" data-tip="&lt;b&gt;Games Played&lt;/b&gt;&lt;br&gt;This includes all times that the player appeared on the lineup card. Pitchers in non-DH games that appeared on the lineup card but didn't bat will still have a game in this column.">G</th>
<th aria-label="Plate Appearances" class="center" data-stat="PA" data-tip="&lt;strong&gt;Plate Appearances&lt;/strong&gt;&lt;br&gt;When available, we use actual plate appearances from play-by-play game accounts&lt;br&gt;Otherwise estimated using AB + BB + HBP + SF + SH,&lt;br&gt;which excludes catcher interferences.&lt;br&gt;When &lt;span class=tooltip&gt;this color&lt;/span&gt; click for a summary of each PA.">PA</th>
<th aria-label="At Bats" class="center" data-stat="AB" data-tip="At Bats">AB</th>
<th aria-label="Runs Scored" class="center" data-stat="R" data-tip="Runs Scored/Allowed">R</th>
<th aria-label="Hits" class="center" data-stat="H" data-tip="Hits/Hits Allowed">H</th>
<th aria-label="Doubles" class="center" data-stat="2B" data-tip="Doubles Hit/Allowed">2B</th>
<th aria-label="Triples" class="center" data-stat="3B" data-tip="Triples Hit/Allowed">3B</th>
<th aria-label="Home Runs" class="center" data-stat="HR" data-tip="Home Runs Hit/Allowed">HR</th>
<th aria-label="Runs Batted In" class="center" data-stat="RBI" data-tip="Runs Batted In">RBI</th>
<th aria-label="Stolen Bases" class="center" data-stat="SB" data-tip="Stolen Bases">SB</th>
<th aria-label="Caught Stealing" class="center" data-stat="CS" data-tip="Caught Stealing">CS</th>
<th aria-label="Bases on Balls" class="center" data-stat="BB" data-tip="Bases on Balls/Walks">BB</th>
<th aria-label="Strikeouts" class="center" data-stat="SO" data-tip="Strikeouts">SO</th>
<th aria-label="Batting Average" class="hide_non_quals center" data-filter="1" data-name="Batting Average" data-stat="batting_avg" data-tip='&lt;strong&gt;Hits/At Bats&lt;/strong&gt;&lt;br&gt;For recent years, leaders need 3.1 PA&lt;br&gt;per team game played&lt;br&gt;Bold indicates highest BA using current stats&lt;br&gt;&lt;span class="all_time_record"&gt;Gold&lt;/span&gt; means awarded title at end of year.'>BA</th>
<th aria-label="On-Base%" class="hide_non_quals center" data-filter="1" data-name="On-Base%" data-stat="onbase_perc" data-tip="&lt;strong&gt;(H + BB + HBP)/(At Bats + BB + HBP + SF)&lt;/strong&gt;&lt;br&gt;For recent years, leaders need 3.1 PA&lt;br&gt;per team game played">OBP</th>
<th aria-label="Slugging %" class="hide_non_quals center" data-filter="1" data-name="Slugging %" data-stat="slugging_perc" data-tip="&lt;strong&gt;Total Bases/At Bats or &lt;br&gt;(1B + 2*2B + 3*3B + 4*HR)/AB&lt;/strong&gt;&lt;br&gt;For recent years, leaders need 3.1 PA&lt;br&gt;per team game played">SLG</th>
<th aria-label="On-Base Plus Slugging" class="hide_non_quals center" data-filter="1" data-name="On-Base Plus Slugging" data-stat="onbase_plus_slugging" data-tip="&lt;strong&gt;On-Base + Slugging Percentages &lt;/strong&gt;&lt;br&gt;For recent years, leaders need 3.1 PA&lt;br&gt;per team game played">OPS</th>
<th aria-label="Adjusted OPS+" class="hide_non_quals center" data-stat="onbase_plus_slugging_plus" data-tip="&lt;strong&gt;OPS+&lt;/strong&gt;&lt;br&gt;100*[OBP/lg OBP + SLG/lg SLG - 1]&lt;br&gt;Adjusted to the player&amp;#x2019;s ballpark(s)">OPS+</th>
<th aria-label="Total Bases" class="center" data-stat="TB" data-tip="&lt;strong&gt;Total Bases&lt;/strong&gt;&lt;br&gt;Singles + 2 x Doubles + 3 x Triples + 4 x Home Runs.">TB</th>
<th aria-label="Double Plays Grounded Into" class="center" data-stat="GIDP" data-tip="&lt;strong&gt;Double Plays Grounded Into&lt;/strong&gt;&lt;br&gt;Only includes standard 6-4-3, 4-3, etc. double plays.&lt;br&gt;First tracked in 1933.&lt;br&gt;For gamelogs only in seasons we have play-by-play, we include triple plays as well.&lt;br&gt;All official seasonal totals do not include GITP's.">GDP</th>
<th aria-label="Hit By Pitch" class="center" data-stat="HBP" data-tip="Times Hit by a Pitch.">HBP</th>
<th aria-label="Sacrifice Hits" class="center" data-stat="SH" data-tip="Sacrifice Hits (Sacrifice Bunts)">SH</th>
<th aria-label="Sacrifice Flies" class="center" data-stat="SF" data-tip="&lt;strong&gt;Sacrifice Flies&lt;/strong&gt;&lt;br&gt;First tracked in 1954.">SF</th>
<th aria-label="Intentional Bases on Balls" class="center" data-stat="IBB" data-tip="&lt;strong&gt;Intentional Bases on Balls&lt;/strong&gt;&lt;br&gt;First tracked in 1955.">IBB</th>
</tr>, <tr class="non_qual"><th class="right" csk="1620" data-stat="ranker" scope="row">10</th><td class="left" csk="5.1" data-stat="pos">2B</td><td class="left" csk="Caballero,José" data-append-csv="cabaljo01" data-stat="player"><a href="/players/c/cabaljo01.shtml">José Caballero</a></td><td class="right" data-stat="age">26</td><td class="right" data-stat="G">104</td><td class="right" data-stat="PA">280</td><td class="right" data-stat="AB">231</td><td class="right" data-stat="R">37</td><td class="right" data-stat="H">51</td><td class="right" data-stat="2B">9</td><td class="right" data-stat="3B">1</td><td class="right" data-stat="HR">4</td><td class="right" data-stat="RBI">26</td><td class="right" data-stat="SB">26</td><td class="right" data-stat="CS">3</td><td class="right" data-stat="BB">28</td><td class="right" data-stat="SO">66</td><td class="right" data-stat="batting_avg">.221</td><td class="right" data-stat="onbase_perc">.343</td><td class="right" data-stat="slugging_perc">.320</td><td class="right" data-stat="onbase_plus_slugging">.663</td><td class="right" data-stat="onbase_plus_slugging_plus">92</td><td class="right" data-stat="TB">74</td><td class="right iz" data-stat="GIDP">0</td><td class="right" data-stat="HBP">17</td><td class="right iz" data-stat="SH">0</td><td class="right" data-stat="SF">4</td><td class="right iz" data-stat="IBB">0</td></tr>, <tr class="non_qual"><th class="right" csk="1735" data-stat="ranker" scope="row">11</th><td class="left" csk="13.1" data-stat="pos">UT</td><td class="left" csk="Moore,Dylan" data-append-csv="mooredy01" data-stat="player"><a href="/players/m/mooredy01.shtml">Dylan Moore</a></td><td class="right" data-stat="age">30</td><td class="right" data-stat="G">67</td><td class="right" data-stat="PA">165</td><td class="right" data-stat="AB">145</td><td class="right" data-stat="R">18</td><td class="right" data-stat="H">30</td><td class="right" data-stat="2B">9</td><td class="right" data-stat="3B">1</td><td class="right" data-stat="HR">7</td><td class="right" data-stat="RBI">19</td><td class="right" data-stat="SB">7</td><td class="right" data-stat="CS">3</td><td class="right" data-stat="BB">16</td><td class="right" data-stat="SO">56</td><td class="right" data-stat="batting_avg">.207</td><td class="right" data-stat="onbase_perc">.303</td><td class="right" data-stat="slugging_perc">.428</td><td class="right" data-stat="onbase_plus_slugging">.731</td><td class="right" data-stat="onbase_plus_slugging_plus">106</td><td class="right" data-stat="TB">62</td><td class="right" data-stat="GIDP">1</td><td class="right" data-stat="HBP">4</td><td class="right iz" data-stat="SH">0</td><td class="right iz" data-stat="SF">0</td><td class="right iz" data-stat="IBB">0</td></tr>, <tr class="non_qual"><th class="right" csk="1741" data-stat="ranker" scope="row">12</th><td class="left" csk="1.1" data-stat="pos">C</td><td class="left" csk="Murphy,Tom" data-append-csv="murphto04" data-stat="player"><a href="/players/m/murphto04.shtml">Tom Murphy</a></td><td class="right" data-stat="age">32</td><td class="right" data-stat="G">47</td><td class="right" data-stat="PA">159</td><td class="right" data-stat="AB">145</td><td class="right" data-stat="R">19</td><td class="right" data-stat="H">42</td><td class="right" data-stat="2B">12</td><td class="right iz" data-stat="3B">0</td><td class="right" data-stat="HR">8</td><td class="right" data-stat="RBI">17</td><td class="right iz" data-stat="SB">0</td><td class="right iz" data-stat="CS">0</td><td class="right" data-stat="BB">10</td><td class="right" data-stat="SO">44</td><td class="right" data-stat="batting_avg">.290</td><td class="right" data-stat="onbase_perc">.335</td><td class="right" data-stat="slugging_perc">.538</td><td class="right" data-stat="onbase_plus_slugging">.873</td><td class="right" data-stat="onbase_plus_slugging_plus">144</td><td class="right" data-stat="TB">78</td><td class="right" data-stat="GIDP">4</td><td class="right" data-stat="HBP">1</td><td class="right iz" data-stat="SH">0</td><td class="right" data-stat="SF">2</td><td class="right iz" data-stat="IBB">0</td></tr>, <tr class="non_qual"><th class="right" csk="1759" data-stat="ranker" scope="row">13</th><td class="left" csk="9.1" data-stat="pos">LF</td><td class="left" csk="Canzone,Dominic" data-append-csv="canzodo01" data-stat="player"><a href="/players/c/canzodo01.shtml">Dominic Canzone</a>*</td><td class="right" data-stat="age">25</td><td class="right" data-stat="G">44</td><td class="right" data-stat="PA">141</td><td class="right" data-stat="AB">135</td><td class="right" data-stat="R">19</td><td class="right" data-stat="H">29</td><td class="right" data-stat="2B">11</td><td class="right iz" data-stat="3B">0</td><td class="right" data-stat="HR">5</td><td class="right" data-stat="RBI">13</td><td class="right" data-stat="SB">1</td><td class="right iz" data-stat="CS">0</td><td class="right" data-stat="BB">6</td><td class="right" data-stat="SO">24</td><td class="right" data-stat="batting_avg">.215</td><td class="right" data-stat="onbase_perc">.248</td><td class="right" data-stat="slugging_perc">.407</td><td class="right" data-stat="onbase_plus_slugging">.656</td><td class="right" data-stat="onbase_plus_slugging_plus">83</td><td class="right" data-stat="TB">55</td><td class="right" data-stat="GIDP">4</td><td class="right iz" data-stat="HBP">0</td><td class="right iz" data-stat="SH">0</td><td class="right iz" data-stat="SF">0</td><td class="right iz" data-stat="IBB">0</td></tr>, <tr class="non_qual"><th class="right" csk="1762" data-stat="ranker" scope="row">14</th><td class="left" csk="14.1" data-stat="pos">DH</td><td class="left" csk="Pollock,AJ" data-append-csv="polloaj01" data-stat="player"><a href="/players/p/polloaj01.shtml">AJ Pollock</a></td><td class="right" data-stat="age">35</td><td class="right" data-stat="G">49</td><td class="right" data-stat="PA">138</td><td class="right" data-stat="AB">127</td><td class="right" data-stat="R">15</td><td class="right" data-stat="H">22</td><td class="right" data-stat="2B">4</td><td class="right iz" data-stat="3B">0</td><td class="right" data-stat="HR">5</td><td class="right" data-stat="RBI">15</td><td class="right iz" data-stat="SB">0</td><td class="right" data-stat="CS">1</td><td class="right" data-stat="BB">9</td><td class="right" data-stat="SO">30</td><td class="right" data-stat="batting_avg">.173</td><td class="right" data-stat="onbase_perc">.225</td><td class="right" data-stat="slugging_perc">.323</td><td class="right" data-stat="onbase_plus_slugging">.547</td><td class="right" data-stat="onbase_plus_slugging_plus">54</td><td class="right" data-stat="TB">41</td><td class="right" data-stat="GIDP">1</td><td class="right iz" data-stat="HBP">0</td><td class="right iz" data-stat="SH">0</td><td class="right" data-stat="SF">2</td><td class="right iz" data-stat="IBB">0</td></tr>, <tr class="non_qual"><th class="right" csk="1766" data-stat="ranker" scope="row">15</th><td class="left" csk="5.1" data-stat="pos">2B</td><td class="left" csk="Rojas,Josh" data-append-csv="rojasjo01" data-stat="player"><a href="/players/r/rojasjo01.shtml">Josh Rojas</a>*</td><td class="right" data-stat="age">29</td><td class="right" data-stat="G">46</td><td class="right" data-stat="PA">134</td><td class="right" data-stat="AB">125</td><td class="right" data-stat="R">24</td><td class="right" data-stat="H">34</td><td class="right" data-stat="2B">4</td><td class="right iz" data-stat="3B">0</td><td class="right" data-stat="HR">4</td><td class="right" data-stat="RBI">14</td><td class="right" data-stat="SB">6</td><td class="right iz" data-stat="CS">0</td><td class="right" data-stat="BB">9</td><td class="right" data-stat="SO">30</td><td class="right" data-stat="batting_avg">.272</td><td class="right" data-stat="onbase_perc">.321</td><td class="right" data-stat="slugging_perc">.400</td><td class="right" data-stat="onbase_plus_slugging">.721</td><td class="right" data-stat="onbase_plus_slugging_plus">105</td><td class="right" data-stat="TB">50</td><td class="right" data-stat="GIDP">1</td><td class="right iz" data-stat="HBP">0</td><td class="right iz" data-stat="SH">0</td><td class="right iz" data-stat="SF">0</td><td class="right iz" data-stat="IBB">0</td></tr>, <tr class="non_qual"><th class="right" csk="1792" data-stat="ranker" scope="row">16</th><td class="left" csk="13.1" data-stat="pos">UT</td><td class="left" csk="Haggerty,Sam" data-append-csv="haggesa01" data-stat="player"><a href="/players/h/haggesa01.shtml">Sam Haggerty</a>#</td><td class="right" data-stat="age">29</td><td class="right" data-stat="G">52</td><td class="right" data-stat="PA">108</td><td class="right" data-stat="AB">91</td><td class="right" data-stat="R">13</td><td class="right" data-stat="H">23</td><td class="right" data-stat="2B">3</td><td class="right" data-stat="3B">1</td><td class="right" data-stat="HR">1</td><td class="right" data-stat="RBI">5</td><td class="right" data-stat="SB">10</td><td class="right" data-stat="CS">1</td><td class="right" data-stat="BB">15</td><td class="right" data-stat="SO">17</td><td class="right" data-stat="batting_avg">.253</td><td class="right" data-stat="onbase_perc">.364</td><td class="right" data-stat="slugging_perc">.341</td><td class="right" data-stat="onbase_plus_slugging">.705</td><td class="right" data-stat="onbase_plus_slugging_plus">104</td><td class="right" data-stat="TB">31</td><td class="right iz" data-stat="GIDP">0</td><td class="right" data-stat="HBP">1</td><td class="right" data-stat="SH">1</td><td class="right iz" data-stat="SF">0</td><td class="right iz" data-stat="IBB">0</td></tr>, <tr class="non_qual"><th class="right" csk="1800" data-stat="ranker" scope="row">17</th><td class="left" csk="9.1" data-stat="pos">LF</td><td class="left" csk="Marlowe,Cade" data-append-csv="marloca01" data-stat="player"><a href="/players/m/marloca01.shtml">Cade Marlowe</a>*</td><td class="right" data-stat="age">26</td><td class="right" data-stat="G">34</td><td class="right" data-stat="PA">100</td><td class="right" data-stat="AB">88</td><td class="right" data-stat="R">14</td><td class="right" data-stat="H">21</td><td class="right" data-stat="2B">3</td><td class="right" data-stat="3B">2</td><td class="right" data-stat="HR">3</td><td class="right" data-stat="RBI">11</td><td class="right" data-stat="SB">4</td><td class="right" data-stat="CS">2</td><td class="right" data-stat="BB">12</td><td class="right" data-stat="SO">33</td><td class="right" data-stat="batting_avg">.239</td><td class="right" data-stat="onbase_perc">.330</td><td class="right" data-stat="slugging_perc">.420</td><td class="right" data-stat="onbase_plus_slugging">.750</td><td class="right" data-stat="onbase_plus_slugging_plus">113</td><td class="right" data-stat="TB">37</td><td class="right" data-stat="GIDP">1</td><td class="right iz" data-stat="HBP">0</td><td class="right iz" data-stat="SH">0</td><td class="right iz" data-stat="SF">0</td><td class="right iz" data-stat="IBB">0</td></tr>, <tr class="non_qual"><th class="right" csk="1844" data-stat="ranker" scope="row">18</th><td class="left" csk="14.1" data-stat="pos">DH</td><td class="left" csk="Trammell,Taylor" data-append-csv="trammta01" data-stat="player"><a href="/players/t/trammta01.shtml">Taylor Trammell</a>*</td><td class="right" data-stat="age">25</td><td class="right" data-stat="G">22</td><td class="right" data-stat="PA">56</td><td class="right" data-stat="AB">46</td><td class="right" data-stat="R">7</td><td class="right" data-stat="H">6</td><td class="right iz" data-stat="2B">0</td><td class="right iz" data-stat="3B">0</td><td class="right" data-stat="HR">3</td><td class="right" data-stat="RBI">11</td><td class="right iz" data-stat="SB">0</td><td class="right" data-stat="CS">1</td><td class="right" data-stat="BB">9</td><td class="right" data-stat="SO">22</td><td class="right" data-stat="batting_avg">.130</td><td class="right" data-stat="onbase_perc">.286</td><td class="right" data-stat="slugging_perc">.326</td><td class="right" data-stat="onbase_plus_slugging">.612</td><td class="right" data-stat="onbase_plus_slugging_plus">75</td><td class="right" data-stat="TB">15</td><td class="right" data-stat="GIDP">2</td><td class="right" data-stat="HBP">1</td><td class="right iz" data-stat="SH">0</td><td class="right iz" data-stat="SF">0</td><td class="right iz" data-stat="IBB">0</td></tr>, <tr class="non_qual"><th class="right" csk="1874" data-stat="ranker" scope="row">19</th><td class="left" csk="14.1" data-stat="pos">DH</td><td class="left" csk="Hummel,Cooper" data-append-csv="hummeco01" data-stat="player"><a href="/players/h/hummeco01.shtml">Cooper Hummel</a>#</td><td class="right" data-stat="age">28</td><td class="right" data-stat="G">10</td><td class="right" data-stat="PA">26</td><td class="right" data-stat="AB">23</td><td class="right" data-stat="R">2</td><td class="right" data-stat="H">2</td><td class="right" data-stat="2B">1</td><td class="right iz" data-stat="3B">0</td><td class="right iz" data-stat="HR">0</td><td class="right iz" data-stat="RBI">0</td><td class="right" data-stat="SB">1</td><td class="right iz" data-stat="CS">0</td><td class="right" data-stat="BB">2</td><td class="right" data-stat="SO">9</td><td class="right" data-stat="batting_avg">.087</td><td class="right" data-stat="onbase_perc">.192</td><td class="right" data-stat="slugging_perc">.130</td><td class="right" data-stat="onbase_plus_slugging">.323</td><td class="right" data-stat="onbase_plus_slugging_plus">-5</td><td class="right" data-stat="TB">3</td><td class="right" data-stat="GIDP">1</td><td class="right" data-stat="HBP">1</td><td class="right iz" data-stat="SH">0</td><td class="right iz" data-stat="SF">0</td><td class="right iz" data-stat="IBB">0</td></tr>, <tr class="non_qual"><th class="right" csk="1876" data-stat="ranker" scope="row">20</th><td class="left" csk="14.1" data-stat="pos">DH</td><td class="left" csk="La Stella,Tommy" data-append-csv="lasteto01" data-stat="player"><a href="/players/l/lasteto01.shtml">Tommy La Stella</a>*</td><td class="right" data-stat="age">34</td><td class="right" data-stat="G">12</td><td class="right" data-stat="PA">24</td><td class="right" data-stat="AB">21</td><td class="right" data-stat="R">2</td><td class="right" data-stat="H">4</td><td class="right" data-stat="2B">1</td><td class="right iz" data-stat="3B">0</td><td class="right iz" data-stat="HR">0</td><td class="right" data-stat="RBI">2</td><td class="right iz" data-stat="SB">0</td><td class="right iz" data-stat="CS">0</td><td class="right" data-stat="BB">3</td><td class="right" data-stat="SO">5</td><td class="right" data-stat="batting_avg">.190</td><td class="right" data-stat="onbase_perc">.292</td><td class="right" data-stat="slugging_perc">.238</td><td class="right" data-stat="onbase_plus_slugging">.530</td><td class="right" data-stat="onbase_plus_slugging_plus">54</td><td class="right" data-stat="TB">5</td><td class="right iz" data-stat="GIDP">0</td><td class="right iz" data-stat="HBP">0</td><td class="right iz" data-stat="SH">0</td><td class="right iz" data-stat="SF">0</td><td class="right iz" data-stat="IBB">0</td></tr>, <tr class="non_qual"><th class="right" csk="1879" data-stat="ranker" scope="row">21</th><td class="left" csk="1.1" data-stat="pos">C</td><td class="left" csk="O'Keefe,Brian" data-append-csv="okeefbr01" data-stat="player"><a href="/players/o/okeefbr01.shtml">Brian O'Keefe</a></td><td class="right" data-stat="age">29</td><td class="right" data-stat="G">8</td><td class="right" data-stat="PA">21</td><td class="right" data-stat="AB">19</td><td class="right iz" data-stat="R">0</td><td class="right" data-stat="H">2</td><td class="right" data-stat="2B">2</td><td class="right iz" data-stat="3B">0</td><td class="right iz" data-stat="HR">0</td><td class="right" data-stat="RBI">2</td><td class="right iz" data-stat="SB">0</td><td class="right iz" data-stat="CS">0</td><td class="right" data-stat="BB">2</td><td class="right" data-stat="SO">7</td><td class="right" data-stat="batting_avg">.105</td><td class="right" data-stat="onbase_perc">.190</td><td class="right" data-stat="slugging_perc">.211</td><td class="right" data-stat="onbase_plus_slugging">.401</td><td class="right" data-stat="onbase_plus_slugging_plus">15</td><td class="right" data-stat="TB">4</td><td class="right" data-stat="GIDP">2</td><td class="right iz" data-stat="HBP">0</td><td class="right iz" data-stat="SH">0</td><td class="right iz" data-stat="SF">0</td><td class="right iz" data-stat="IBB">0</td></tr>, <tr class="non_qual"><th class="right" csk="1892" data-stat="ranker" scope="row">22</th><td class="left" csk="14.1" data-stat="pos">DH</td><td class="left" csk="Torrens,Luis" data-append-csv="torrelu01" data-stat="player"><a href="/players/t/torrelu01.shtml">Luis Torrens</a></td><td class="right" data-stat="age">27</td><td class="right" data-stat="G">5</td><td class="right" data-stat="PA">8</td><td class="right" data-stat="AB">8</td><td class="right iz" data-stat="R">0</td><td class="right" data-stat="H">2</td><td class="right" data-stat="2B">2</td><td class="right iz" data-stat="3B">0</td><td class="right iz" data-stat="HR">0</td><td class="right" data-stat="RBI">1</td><td class="right iz" data-stat="SB">0</td><td class="right iz" data-stat="CS">0</td><td class="right iz" data-stat="BB">0</td><td class="right" data-stat="SO">1</td><td class="right" data-stat="batting_avg">.250</td><td class="right" data-stat="onbase_perc">.250</td><td class="right" data-stat="slugging_perc">.500</td><td class="right" data-stat="onbase_plus_slugging">.750</td><td class="right" data-stat="onbase_plus_slugging_plus">107</td><td class="right" data-stat="TB">4</td><td class="right iz" data-stat="GIDP">0</td><td class="right iz" data-stat="HBP">0</td><td class="right iz" data-stat="SH">0</td><td class="right iz" data-stat="SF">0</td><td class="right iz" data-stat="IBB">0</td></tr>, <tr class="thead">
<th aria-label="Rk" class="tooltip ranker sort_default_asc show_partial_when_sorting center" data-stat="ranker" data-tip="&lt;strong&gt;Rank&lt;/strong&gt;&lt;br&gt;This is a count of the rows from top to bottom.&lt;br&gt;It is recalculated following the sorting of a column.">Rk</th>
<th aria-label="Pos" class="sort_default_asc left" data-stat="pos" data-tip="&lt;strong&gt;Position&lt;/strong&gt;">Pos</th>
<th aria-label="Name" class="sort_default_asc show_partial_when_sorting left" data-stat="player" data-tip="&lt;strong&gt;Player Name&lt;/strong&gt;&lt;br&gt;&lt;strong&gt;Bold&lt;/strong&gt; can mean player is active for this team&lt;br&gt;or player has appeared in the majors&lt;br&gt;* means LHP or LHB,&lt;br&gt;# means switch hitter,&lt;br&gt;+ can mean HOFer.">Name</th>
<th aria-label="Age" class="sort_default_asc show_partial_when_sorting center" data-stat="age" data-tip="Player’s age at midnight of June 30th of that year">Age</th>
<th aria-label="Games Played" class="center" data-stat="G" data-tip="&lt;b&gt;Games Played&lt;/b&gt;&lt;br&gt;This includes all times that the player appeared on the lineup card. Pitchers in non-DH games that appeared on the lineup card but didn't bat will still have a game in this column.">G</th>
<th aria-label="Plate Appearances" class="center" data-stat="PA" data-tip="&lt;strong&gt;Plate Appearances&lt;/strong&gt;&lt;br&gt;When available, we use actual plate appearances from play-by-play game accounts&lt;br&gt;Otherwise estimated using AB + BB + HBP + SF + SH,&lt;br&gt;which excludes catcher interferences.&lt;br&gt;When &lt;span class=tooltip&gt;this color&lt;/span&gt; click for a summary of each PA.">PA</th>
<th aria-label="At Bats" class="center" data-stat="AB" data-tip="At Bats">AB</th>
<th aria-label="Runs Scored" class="center" data-stat="R" data-tip="Runs Scored/Allowed">R</th>
<th aria-label="Hits" class="center" data-stat="H" data-tip="Hits/Hits Allowed">H</th>
<th aria-label="Doubles" class="center" data-stat="2B" data-tip="Doubles Hit/Allowed">2B</th>
<th aria-label="Triples" class="center" data-stat="3B" data-tip="Triples Hit/Allowed">3B</th>
<th aria-label="Home Runs" class="center" data-stat="HR" data-tip="Home Runs Hit/Allowed">HR</th>
<th aria-label="Runs Batted In" class="center" data-stat="RBI" data-tip="Runs Batted In">RBI</th>
<th aria-label="Stolen Bases" class="center" data-stat="SB" data-tip="Stolen Bases">SB</th>
<th aria-label="Caught Stealing" class="center" data-stat="CS" data-tip="Caught Stealing">CS</th>
<th aria-label="Bases on Balls" class="center" data-stat="BB" data-tip="Bases on Balls/Walks">BB</th>
<th aria-label="Strikeouts" class="center" data-stat="SO" data-tip="Strikeouts">SO</th>
<th aria-label="Batting Average" class="hide_non_quals center" data-filter="1" data-name="Batting Average" data-stat="batting_avg" data-tip='&lt;strong&gt;Hits/At Bats&lt;/strong&gt;&lt;br&gt;For recent years, leaders need 3.1 PA&lt;br&gt;per team game played&lt;br&gt;Bold indicates highest BA using current stats&lt;br&gt;&lt;span class="all_time_record"&gt;Gold&lt;/span&gt; means awarded title at end of year.'>BA</th>
<th aria-label="On-Base%" class="hide_non_quals center" data-filter="1" data-name="On-Base%" data-stat="onbase_perc" data-tip="&lt;strong&gt;(H + BB + HBP)/(At Bats + BB + HBP + SF)&lt;/strong&gt;&lt;br&gt;For recent years, leaders need 3.1 PA&lt;br&gt;per team game played">OBP</th>
<th aria-label="Slugging %" class="hide_non_quals center" data-filter="1" data-name="Slugging %" data-stat="slugging_perc" data-tip="&lt;strong&gt;Total Bases/At Bats or &lt;br&gt;(1B + 2*2B + 3*3B + 4*HR)/AB&lt;/strong&gt;&lt;br&gt;For recent years, leaders need 3.1 PA&lt;br&gt;per team game played">SLG</th>
<th aria-label="On-Base Plus Slugging" class="hide_non_quals center" data-filter="1" data-name="On-Base Plus Slugging" data-stat="onbase_plus_slugging" data-tip="&lt;strong&gt;On-Base + Slugging Percentages &lt;/strong&gt;&lt;br&gt;For recent years, leaders need 3.1 PA&lt;br&gt;per team game played">OPS</th>
<th aria-label="Adjusted OPS+" class="hide_non_quals center" data-stat="onbase_plus_slugging_plus" data-tip="&lt;strong&gt;OPS+&lt;/strong&gt;&lt;br&gt;100*[OBP/lg OBP + SLG/lg SLG - 1]&lt;br&gt;Adjusted to the player&amp;#x2019;s ballpark(s)">OPS+</th>
<th aria-label="Total Bases" class="center" data-stat="TB" data-tip="&lt;strong&gt;Total Bases&lt;/strong&gt;&lt;br&gt;Singles + 2 x Doubles + 3 x Triples + 4 x Home Runs.">TB</th>
<th aria-label="Double Plays Grounded Into" class="center" data-stat="GIDP" data-tip="&lt;strong&gt;Double Plays Grounded Into&lt;/strong&gt;&lt;br&gt;Only includes standard 6-4-3, 4-3, etc. double plays.&lt;br&gt;First tracked in 1933.&lt;br&gt;For gamelogs only in seasons we have play-by-play, we include triple plays as well.&lt;br&gt;All official seasonal totals do not include GITP's.">GDP</th>
<th aria-label="Hit By Pitch" class="center" data-stat="HBP" data-tip="Times Hit by a Pitch.">HBP</th>
<th aria-label="Sacrifice Hits" class="center" data-stat="SH" data-tip="Sacrifice Hits (Sacrifice Bunts)">SH</th>
<th aria-label="Sacrifice Flies" class="center" data-stat="SF" data-tip="&lt;strong&gt;Sacrifice Flies&lt;/strong&gt;&lt;br&gt;First tracked in 1954.">SF</th>
<th aria-label="Intentional Bases on Balls" class="center" data-stat="IBB" data-tip="&lt;strong&gt;Intentional Bases on Balls&lt;/strong&gt;&lt;br&gt;First tracked in 1955.">IBB</th>
</tr>, <tr class="non_qual"><th class="right" csk="2900" data-stat="ranker" scope="row">23</th><td class="left" csk="20.1" data-stat="pos">P</td><td class="left" csk="Thornton,Trent" data-append-csv="thorntr01" data-stat="player"><a href="/players/t/thorntr01.shtml">Trent Thornton</a></td><td class="right" data-stat="age">29</td><td class="right iz" data-stat="G">0</td><td class="right iz" data-stat="PA">0</td><td class="right iz" data-stat="AB">0</td><td class="right iz" data-stat="R">0</td><td class="right iz" data-stat="H">0</td><td class="right iz" data-stat="2B">0</td><td class="right iz" data-stat="3B">0</td><td class="right iz" data-stat="HR">0</td><td class="right iz" data-stat="RBI">0</td><td class="right iz" data-stat="SB">0</td><td class="right iz" data-stat="CS">0</td><td class="right iz" data-stat="BB">0</td><td class="right iz" data-stat="SO">0</td><td class="right iz" data-stat="batting_avg"></td><td class="right iz" data-stat="onbase_perc"></td><td class="right iz" data-stat="slugging_perc"></td><td class="right iz" data-stat="onbase_plus_slugging"></td><td class="right iz" data-stat="onbase_plus_slugging_plus"></td><td class="right iz" data-stat="TB">0</td><td class="right iz" data-stat="GIDP">0</td><td class="right iz" data-stat="HBP">0</td><td class="right iz" data-stat="SH">0</td><td class="right iz" data-stat="SF">0</td><td class="right iz" data-stat="IBB">0</td></tr>, <tr class="non_qual"><th class="right" csk="2900" data-stat="ranker" scope="row">24</th><td class="left" csk="20.1" data-stat="pos">P</td><td class="left" csk="Weaver,Luke" data-append-csv="weavelu01" data-stat="player"><a href="/players/w/weavelu01.shtml">Luke Weaver</a></td><td class="right" data-stat="age">29</td><td class="right iz" data-stat="G">0</td><td class="right iz" data-stat="PA">0</td><td class="right iz" data-stat="AB">0</td><td class="right iz" data-stat="R">0</td><td class="right iz" data-stat="H">0</td><td class="right iz" data-stat="2B">0</td><td class="right iz" data-stat="3B">0</td><td class="right iz" data-stat="HR">0</td><td class="right iz" data-stat="RBI">0</td><td class="right iz" data-stat="SB">0</td><td class="right iz" data-stat="CS">0</td><td class="right iz" data-stat="BB">0</td><td class="right iz" data-stat="SO">0</td><td class="right iz" data-stat="batting_avg"></td><td class="right iz" data-stat="onbase_perc"></td><td class="right iz" data-stat="slugging_perc"></td><td class="right iz" data-stat="onbase_plus_slugging"></td><td class="right iz" data-stat="onbase_plus_slugging_plus"></td><td class="right iz" data-stat="TB">0</td><td class="right iz" data-stat="GIDP">0</td><td class="right iz" data-stat="HBP">0</td><td class="right iz" data-stat="SH">0</td><td class="right iz" data-stat="SF">0</td><td class="right iz" data-stat="IBB">0</td></tr>, <tr class="non_qual"><th class="right" csk="2900" data-stat="ranker" scope="row">25</th><td class="left" csk="20.1" data-stat="pos">P</td><td class="left" csk="Sweet,Devin" data-append-csv="sweetde01" data-stat="player"><a href="/players/s/sweetde01.shtml">Devin Sweet</a>#</td><td class="right" data-stat="age">26</td><td class="right iz" data-stat="G">0</td><td class="right iz" data-stat="PA">0</td><td class="right iz" data-stat="AB">0</td><td class="right iz" data-stat="R">0</td><td class="right iz" data-stat="H">0</td><td class="right iz" data-stat="2B">0</td><td class="right iz" data-stat="3B">0</td><td class="right iz" data-stat="HR">0</td><td class="right iz" data-stat="RBI">0</td><td class="right iz" data-stat="SB">0</td><td class="right iz" data-stat="CS">0</td><td class="right iz" data-stat="BB">0</td><td class="right iz" data-stat="SO">0</td><td class="right iz" data-stat="batting_avg"></td><td class="right iz" data-stat="onbase_perc"></td><td class="right iz" data-stat="slugging_perc"></td><td class="right iz" data-stat="onbase_plus_slugging"></td><td class="right iz" data-stat="onbase_plus_slugging_plus"></td><td class="right iz" data-stat="TB">0</td><td class="right iz" data-stat="GIDP">0</td><td class="right iz" data-stat="HBP">0</td><td class="right iz" data-stat="SH">0</td><td class="right iz" data-stat="SF">0</td><td class="right iz" data-stat="IBB">0</td></tr>, <tr class="non_qual"><th class="right" csk="2900" data-stat="ranker" scope="row">26</th><td class="left" csk="20.1" data-stat="pos">P</td><td class="left" csk="Woo,Bryan" data-append-csv="woobr01" data-stat="player"><a href="/players/w/woobr01.shtml">Bryan Woo</a></td><td class="right" data-stat="age">23</td><td class="right iz" data-stat="G">0</td><td class="right iz" data-stat="PA">0</td><td class="right iz" data-stat="AB">0</td><td class="right iz" data-stat="R">0</td><td class="right iz" data-stat="H">0</td><td class="right iz" data-stat="2B">0</td><td class="right iz" data-stat="3B">0</td><td class="right iz" data-stat="HR">0</td><td class="right iz" data-stat="RBI">0</td><td class="right iz" data-stat="SB">0</td><td class="right iz" data-stat="CS">0</td><td class="right iz" data-stat="BB">0</td><td class="right iz" data-stat="SO">0</td><td class="right iz" data-stat="batting_avg"></td><td class="right iz" data-stat="onbase_perc"></td><td class="right iz" data-stat="slugging_perc"></td><td class="right iz" data-stat="onbase_plus_slugging"></td><td class="right iz" data-stat="onbase_plus_slugging_plus"></td><td class="right iz" data-stat="TB">0</td><td class="right iz" data-stat="GIDP">0</td><td class="right iz" data-stat="HBP">0</td><td class="right iz" data-stat="SH">0</td><td class="right iz" data-stat="SF">0</td><td class="right iz" data-stat="IBB">0</td></tr>, <tr class="non_qual"><th class="right" csk="2900" data-stat="ranker" scope="row">27</th><td class="left" csk="20.1" data-stat="pos">P</td><td class="left" csk="Murfee,Penn" data-append-csv="murfepe01" data-stat="player"><a href="/players/m/murfepe01.shtml">Penn Murfee</a></td><td class="right" data-stat="age">29</td><td class="right" data-stat="G">1</td><td class="right iz" data-stat="PA">0</td><td class="right iz" data-stat="AB">0</td><td class="right iz" data-stat="R">0</td><td class="right iz" data-stat="H">0</td><td class="right iz" data-stat="2B">0</td><td class="right iz" data-stat="3B">0</td><td class="right iz" data-stat="HR">0</td><td class="right iz" data-stat="RBI">0</td><td class="right iz" data-stat="SB">0</td><td class="right iz" data-stat="CS">0</td><td class="right iz" data-stat="BB">0</td><td class="right iz" data-stat="SO">0</td><td class="right iz" data-stat="batting_avg"></td><td class="right iz" data-stat="onbase_perc"></td><td class="right iz" data-stat="slugging_perc"></td><td class="right iz" data-stat="onbase_plus_slugging"></td><td class="right iz" data-stat="onbase_plus_slugging_plus"></td><td class="right iz" data-stat="TB">0</td><td class="right iz" data-stat="GIDP">0</td><td class="right iz" data-stat="HBP">0</td><td class="right iz" data-stat="SH">0</td><td class="right iz" data-stat="SF">0</td><td class="right iz" data-stat="IBB">0</td></tr>, <tr class="non_qual"><th class="right" csk="2900" data-stat="ranker" scope="row">28</th><td class="left" csk="20.1" data-stat="pos">P</td><td class="left" csk="Castillo,Diego" data-append-csv="castidi01" data-stat="player"><a href="/players/c/castidi01.shtml">Diego Castillo</a></td><td class="right" data-stat="age">29</td><td class="right iz" data-stat="G">0</td><td class="right iz" data-stat="PA">0</td><td class="right iz" data-stat="AB">0</td><td class="right iz" data-stat="R">0</td><td class="right iz" data-stat="H">0</td><td class="right iz" data-stat="2B">0</td><td class="right iz" data-stat="3B">0</td><td class="right iz" data-stat="HR">0</td><td class="right iz" data-stat="RBI">0</td><td class="right iz" data-stat="SB">0</td><td class="right iz" data-stat="CS">0</td><td class="right iz" data-stat="BB">0</td><td class="right iz" data-stat="SO">0</td><td class="right iz" data-stat="batting_avg"></td><td class="right iz" data-stat="onbase_perc"></td><td class="right iz" data-stat="slugging_perc"></td><td class="right iz" data-stat="onbase_plus_slugging"></td><td class="right iz" data-stat="onbase_plus_slugging_plus"></td><td class="right iz" data-stat="TB">0</td><td class="right iz" data-stat="GIDP">0</td><td class="right iz" data-stat="HBP">0</td><td class="right iz" data-stat="SH">0</td><td class="right iz" data-stat="SF">0</td><td class="right iz" data-stat="IBB">0</td></tr>, <tr class="non_qual"><th class="right" csk="2900" data-stat="ranker" scope="row">29</th><td class="left" csk="20.1" data-stat="pos">P</td><td class="left" csk="Leone,Dominic" data-append-csv="leonedo01" data-stat="player"><a href="/players/l/leonedo01.shtml">Dominic Leone</a></td><td class="right" data-stat="age">31</td><td class="right iz" data-stat="G">0</td><td class="right iz" data-stat="PA">0</td><td class="right iz" data-stat="AB">0</td><td class="right iz" data-stat="R">0</td><td class="right iz" data-stat="H">0</td><td class="right iz" data-stat="2B">0</td><td class="right iz" data-stat="3B">0</td><td class="right iz" data-stat="HR">0</td><td class="right iz" data-stat="RBI">0</td><td class="right iz" data-stat="SB">0</td><td class="right iz" data-stat="CS">0</td><td class="right iz" data-stat="BB">0</td><td class="right iz" data-stat="SO">0</td><td class="right iz" data-stat="batting_avg"></td><td class="right iz" data-stat="onbase_perc"></td><td class="right iz" data-stat="slugging_perc"></td><td class="right iz" data-stat="onbase_plus_slugging"></td><td class="right iz" data-stat="onbase_plus_slugging_plus"></td><td class="right iz" data-stat="TB">0</td><td class="right iz" data-stat="GIDP">0</td><td class="right iz" data-stat="HBP">0</td><td class="right iz" data-stat="SH">0</td><td class="right iz" data-stat="SF">0</td><td class="right iz" data-stat="IBB">0</td></tr>, <tr class="non_qual"><th class="right" csk="2900" data-stat="ranker" scope="row">30</th><td class="left" csk="20.1" data-stat="pos">P</td><td class="left" csk="Flexen,Chris" data-append-csv="flexech01" data-stat="player"><a href="/players/f/flexech01.shtml">Chris Flexen</a></td><td class="right" data-stat="age">28</td><td class="right iz" data-stat="G">0</td><td class="right iz" data-stat="PA">0</td><td class="right iz" data-stat="AB">0</td><td class="right iz" data-stat="R">0</td><td class="right iz" data-stat="H">0</td><td class="right iz" data-stat="2B">0</td><td class="right iz" data-stat="3B">0</td><td class="right iz" data-stat="HR">0</td><td class="right iz" data-stat="RBI">0</td><td class="right iz" data-stat="SB">0</td><td class="right iz" data-stat="CS">0</td><td class="right iz" data-stat="BB">0</td><td class="right iz" data-stat="SO">0</td><td class="right iz" data-stat="batting_avg"></td><td class="right iz" data-stat="onbase_perc"></td><td class="right iz" data-stat="slugging_perc"></td><td class="right iz" data-stat="onbase_plus_slugging"></td><td class="right iz" data-stat="onbase_plus_slugging_plus"></td><td class="right iz" data-stat="TB">0</td><td class="right iz" data-stat="GIDP">0</td><td class="right iz" data-stat="HBP">0</td><td class="right iz" data-stat="SH">0</td><td class="right iz" data-stat="SF">0</td><td class="right iz" data-stat="IBB">0</td></tr>, <tr class="non_qual"><th class="right" csk="2900" data-stat="ranker" scope="row">31</th><td class="left" csk="20.1" data-stat="pos">P</td><td class="left" csk="Adcock,Ty" data-append-csv="adcocty01" data-stat="player"><a href="/players/a/adcocty01.shtml">Ty Adcock</a></td><td class="right" data-stat="age">26</td><td class="right" data-stat="G">1</td><td class="right iz" data-stat="PA">0</td><td class="right iz" data-stat="AB">0</td><td class="right iz" data-stat="R">0</td><td class="right iz" data-stat="H">0</td><td class="right iz" data-stat="2B">0</td><td class="right iz" data-stat="3B">0</td><td class="right iz" data-stat="HR">0</td><td class="right iz" data-stat="RBI">0</td><td class="right iz" data-stat="SB">0</td><td class="right iz" data-stat="CS">0</td><td class="right iz" data-stat="BB">0</td><td class="right iz" data-stat="SO">0</td><td class="right iz" data-stat="batting_avg"></td><td class="right iz" data-stat="onbase_perc"></td><td class="right iz" data-stat="slugging_perc"></td><td class="right iz" data-stat="onbase_plus_slugging"></td><td class="right iz" data-stat="onbase_plus_slugging_plus"></td><td class="right iz" data-stat="TB">0</td><td class="right iz" data-stat="GIDP">0</td><td class="right iz" data-stat="HBP">0</td><td class="right iz" data-stat="SH">0</td><td class="right iz" data-stat="SF">0</td><td class="right iz" data-stat="IBB">0</td></tr>, <tr class="non_qual"><th class="right" csk="2900" data-stat="ranker" scope="row">32</th><td class="left" csk="20.1" data-stat="pos">P</td><td class="left" csk="Rodríguez,José" data-append-csv="rodrijo07" data-stat="player"><a href="/players/r/rodrijo07.shtml">José Rodríguez</a></td><td class="right" data-stat="age">27</td><td class="right iz" data-stat="G">0</td><td class="right iz" data-stat="PA">0</td><td class="right iz" data-stat="AB">0</td><td class="right iz" data-stat="R">0</td><td class="right iz" data-stat="H">0</td><td class="right iz" data-stat="2B">0</td><td class="right iz" data-stat="3B">0</td><td class="right iz" data-stat="HR">0</td><td class="right iz" data-stat="RBI">0</td><td class="right iz" data-stat="SB">0</td><td class="right iz" data-stat="CS">0</td><td class="right iz" data-stat="BB">0</td><td class="right iz" data-stat="SO">0</td><td class="right iz" data-stat="batting_avg"></td><td class="right iz" data-stat="onbase_perc"></td><td class="right iz" data-stat="slugging_perc"></td><td class="right iz" data-stat="onbase_plus_slugging"></td><td class="right iz" data-stat="onbase_plus_slugging_plus"></td><td class="right iz" data-stat="TB">0</td><td class="right iz" data-stat="GIDP">0</td><td class="right iz" data-stat="HBP">0</td><td class="right iz" data-stat="SH">0</td><td class="right iz" data-stat="SF">0</td><td class="right iz" data-stat="IBB">0</td></tr>, <tr class="non_qual"><th class="right" csk="2900" data-stat="ranker" scope="row">33</th><td class="left" csk="20.1" data-stat="pos">P</td><td class="left" csk="Then,Juan" data-append-csv="thenju01" data-stat="player"><a href="/players/t/thenju01.shtml">Juan Then</a></td><td class="right" data-stat="age">23</td><td class="right iz" data-stat="G">0</td><td class="right iz" data-stat="PA">0</td><td class="right iz" data-stat="AB">0</td><td class="right iz" data-stat="R">0</td><td class="right iz" data-stat="H">0</td><td class="right iz" data-stat="2B">0</td><td class="right iz" data-stat="3B">0</td><td class="right iz" data-stat="HR">0</td><td class="right iz" data-stat="RBI">0</td><td class="right iz" data-stat="SB">0</td><td class="right iz" data-stat="CS">0</td><td class="right iz" data-stat="BB">0</td><td class="right iz" data-stat="SO">0</td><td class="right iz" data-stat="batting_avg"></td><td class="right iz" data-stat="onbase_perc"></td><td class="right iz" data-stat="slugging_perc"></td><td class="right iz" data-stat="onbase_plus_slugging"></td><td class="right iz" data-stat="onbase_plus_slugging_plus"></td><td class="right iz" data-stat="TB">0</td><td class="right iz" data-stat="GIDP">0</td><td class="right iz" data-stat="HBP">0</td><td class="right iz" data-stat="SH">0</td><td class="right iz" data-stat="SF">0</td><td class="right iz" data-stat="IBB">0</td></tr>, <tr class="non_qual"><th class="right" csk="2900" data-stat="ranker" scope="row">34</th><td class="left" csk="20.1" data-stat="pos">P</td><td class="left" csk="Sewald,Paul" data-append-csv="sewalpa01" data-stat="player"><a href="/players/s/sewalpa01.shtml">Paul Sewald</a></td><td class="right" data-stat="age">33</td><td class="right" data-stat="G">1</td><td class="right iz" data-stat="PA">0</td><td class="right iz" data-stat="AB">0</td><td class="right iz" data-stat="R">0</td><td class="right iz" data-stat="H">0</td><td class="right iz" data-stat="2B">0</td><td class="right iz" data-stat="3B">0</td><td class="right iz" data-stat="HR">0</td><td class="right iz" data-stat="RBI">0</td><td class="right iz" data-stat="SB">0</td><td class="right iz" data-stat="CS">0</td><td class="right iz" data-stat="BB">0</td><td class="right iz" data-stat="SO">0</td><td class="right iz" data-stat="batting_avg"></td><td class="right iz" data-stat="onbase_perc"></td><td class="right iz" data-stat="slugging_perc"></td><td class="right iz" data-stat="onbase_plus_slugging"></td><td class="right iz" data-stat="onbase_plus_slugging_plus"></td><td class="right iz" data-stat="TB">0</td><td class="right iz" data-stat="GIDP">0</td><td class="right iz" data-stat="HBP">0</td><td class="right iz" data-stat="SH">0</td><td class="right iz" data-stat="SF">0</td><td class="right iz" data-stat="IBB">0</td></tr>, <tr class="non_qual"><th class="right" csk="2900" data-stat="ranker" scope="row">35</th><td class="left" csk="20.1" data-stat="pos">P</td><td class="left" csk="Gott,Trevor" data-append-csv="gotttr01" data-stat="player"><a href="/players/g/gotttr01.shtml">Trevor Gott</a></td><td class="right" data-stat="age">30</td><td class="right iz" data-stat="G">0</td><td class="right iz" data-stat="PA">0</td><td class="right iz" data-stat="AB">0</td><td class="right iz" data-stat="R">0</td><td class="right iz" data-stat="H">0</td><td class="right iz" data-stat="2B">0</td><td class="right iz" data-stat="3B">0</td><td class="right iz" data-stat="HR">0</td><td class="right iz" data-stat="RBI">0</td><td class="right iz" data-stat="SB">0</td><td class="right iz" data-stat="CS">0</td><td class="right iz" data-stat="BB">0</td><td class="right iz" data-stat="SO">0</td><td class="right iz" data-stat="batting_avg"></td><td class="right iz" data-stat="onbase_perc"></td><td class="right iz" data-stat="slugging_perc"></td><td class="right iz" data-stat="onbase_plus_slugging"></td><td class="right iz" data-stat="onbase_plus_slugging_plus"></td><td class="right iz" data-stat="TB">0</td><td class="right iz" data-stat="GIDP">0</td><td class="right iz" data-stat="HBP">0</td><td class="right iz" data-stat="SH">0</td><td class="right iz" data-stat="SF">0</td><td class="right iz" data-stat="IBB">0</td></tr>, <tr class="non_qual"><th class="right" csk="2900" data-stat="ranker" scope="row">36</th><td class="left" csk="20.1" data-stat="pos">P</td><td class="left" csk="Speier,Gabe" data-append-csv="speiega01" data-stat="player"><a href="/players/s/speiega01.shtml">Gabe Speier</a>*</td><td class="right" data-stat="age">28</td><td class="right iz" data-stat="G">0</td><td class="right iz" data-stat="PA">0</td><td class="right iz" data-stat="AB">0</td><td class="right iz" data-stat="R">0</td><td class="right iz" data-stat="H">0</td><td class="right iz" data-stat="2B">0</td><td class="right iz" data-stat="3B">0</td><td class="right iz" data-stat="HR">0</td><td class="right iz" data-stat="RBI">0</td><td class="right iz" data-stat="SB">0</td><td class="right iz" data-stat="CS">0</td><td class="right iz" data-stat="BB">0</td><td class="right iz" data-stat="SO">0</td><td class="right iz" data-stat="batting_avg"></td><td class="right iz" data-stat="onbase_perc"></td><td class="right iz" data-stat="slugging_perc"></td><td class="right iz" data-stat="onbase_plus_slugging"></td><td class="right iz" data-stat="onbase_plus_slugging_plus"></td><td class="right iz" data-stat="TB">0</td><td class="right iz" data-stat="GIDP">0</td><td class="right iz" data-stat="HBP">0</td><td class="right iz" data-stat="SH">0</td><td class="right iz" data-stat="SF">0</td><td class="right iz" data-stat="IBB">0</td></tr>, <tr class="non_qual"><th class="right" csk="2900" data-stat="ranker" scope="row">37</th><td class="left" csk="20.1" data-stat="pos">P</td><td class="left" csk="Castillo,Luis" data-append-csv="castilu02" data-stat="player"><a href="/players/c/castilu02.shtml">Luis Castillo</a></td><td class="right" data-stat="age">30</td><td class="right iz" data-stat="G">0</td><td class="right iz" data-stat="PA">0</td><td class="right iz" data-stat="AB">0</td><td class="right iz" data-stat="R">0</td><td class="right iz" data-stat="H">0</td><td class="right iz" data-stat="2B">0</td><td class="right iz" data-stat="3B">0</td><td class="right iz" data-stat="HR">0</td><td class="right iz" data-stat="RBI">0</td><td class="right iz" data-stat="SB">0</td><td class="right iz" data-stat="CS">0</td><td class="right iz" data-stat="BB">0</td><td class="right iz" data-stat="SO">0</td><td class="right iz" data-stat="batting_avg"></td><td class="right iz" data-stat="onbase_perc"></td><td class="right iz" data-stat="slugging_perc"></td><td class="right iz" data-stat="onbase_plus_slugging"></td><td class="right iz" data-stat="onbase_plus_slugging_plus"></td><td class="right iz" data-stat="TB">0</td><td class="right iz" data-stat="GIDP">0</td><td class="right iz" data-stat="HBP">0</td><td class="right iz" data-stat="SH">0</td><td class="right iz" data-stat="SF">0</td><td class="right iz" data-stat="IBB">0</td></tr>, <tr class="non_qual"><th class="right" csk="2900" data-stat="ranker" scope="row">38</th><td class="left" csk="20.1" data-stat="pos">P</td><td class="left" csk="Ryan,Ryder" data-append-csv="ryanry01" data-stat="player"><a href="/players/r/ryanry01.shtml">Ryder Ryan</a></td><td class="right" data-stat="age">28</td><td class="right iz" data-stat="G">0</td><td class="right iz" data-stat="PA">0</td><td class="right iz" data-stat="AB">0</td><td class="right iz" data-stat="R">0</td><td class="right iz" data-stat="H">0</td><td class="right iz" data-stat="2B">0</td><td class="right iz" data-stat="3B">0</td><td class="right iz" data-stat="HR">0</td><td class="right iz" data-stat="RBI">0</td><td class="right iz" data-stat="SB">0</td><td class="right iz" data-stat="CS">0</td><td class="right iz" data-stat="BB">0</td><td class="right iz" data-stat="SO">0</td><td class="right iz" data-stat="batting_avg"></td><td class="right iz" data-stat="onbase_perc"></td><td class="right iz" data-stat="slugging_perc"></td><td class="right iz" data-stat="onbase_plus_slugging"></td><td class="right iz" data-stat="onbase_plus_slugging_plus"></td><td class="right iz" data-stat="TB">0</td><td class="right iz" data-stat="GIDP">0</td><td class="right iz" data-stat="HBP">0</td><td class="right iz" data-stat="SH">0</td><td class="right iz" data-stat="SF">0</td><td class="right iz" data-stat="IBB">0</td></tr>, <tr class="non_qual"><th class="right" csk="2900" data-stat="ranker" scope="row">39</th><td class="left" csk="20.1" data-stat="pos">P</td><td class="left" csk="Berroa,Prelander" data-append-csv="berropr01" data-stat="player"><a href="/players/b/berropr01.shtml">Prelander Berroa</a></td><td class="right" data-stat="age">23</td><td class="right iz" data-stat="G">0</td><td class="right iz" data-stat="PA">0</td><td class="right iz" data-stat="AB">0</td><td class="right iz" data-stat="R">0</td><td class="right iz" data-stat="H">0</td><td class="right iz" data-stat="2B">0</td><td class="right iz" data-stat="3B">0</td><td class="right iz" data-stat="HR">0</td><td class="right iz" data-stat="RBI">0</td><td class="right iz" data-stat="SB">0</td><td class="right iz" data-stat="CS">0</td><td class="right iz" data-stat="BB">0</td><td class="right iz" data-stat="SO">0</td><td class="right iz" data-stat="batting_avg"></td><td class="right iz" data-stat="onbase_perc"></td><td class="right iz" data-stat="slugging_perc"></td><td class="right iz" data-stat="onbase_plus_slugging"></td><td class="right iz" data-stat="onbase_plus_slugging_plus"></td><td class="right iz" data-stat="TB">0</td><td class="right iz" data-stat="GIDP">0</td><td class="right iz" data-stat="HBP">0</td><td class="right iz" data-stat="SH">0</td><td class="right iz" data-stat="SF">0</td><td class="right iz" data-stat="IBB">0</td></tr>, <tr class="non_qual"><th class="right" csk="2900" data-stat="ranker" scope="row">40</th><td class="left" csk="20.1" data-stat="pos">P</td><td class="left" csk="Bazardo,Eduard" data-append-csv="bazared01" data-stat="player"><a href="/players/b/bazared01.shtml">Eduard Bazardo</a></td><td class="right" data-stat="age">27</td><td class="right iz" data-stat="G">0</td><td class="right iz" data-stat="PA">0</td><td class="right iz" data-stat="AB">0</td><td class="right iz" data-stat="R">0</td><td class="right iz" data-stat="H">0</td><td class="right iz" data-stat="2B">0</td><td class="right iz" data-stat="3B">0</td><td class="right iz" data-stat="HR">0</td><td class="right iz" data-stat="RBI">0</td><td class="right iz" data-stat="SB">0</td><td class="right iz" data-stat="CS">0</td><td class="right iz" data-stat="BB">0</td><td class="right iz" data-stat="SO">0</td><td class="right iz" data-stat="batting_avg"></td><td class="right iz" data-stat="onbase_perc"></td><td class="right iz" data-stat="slugging_perc"></td><td class="right iz" data-stat="onbase_plus_slugging"></td><td class="right iz" data-stat="onbase_plus_slugging_plus"></td><td class="right iz" data-stat="TB">0</td><td class="right iz" data-stat="GIDP">0</td><td class="right iz" data-stat="HBP">0</td><td class="right iz" data-stat="SH">0</td><td class="right iz" data-stat="SF">0</td><td class="right iz" data-stat="IBB">0</td></tr>, <tr class="non_qual"><th class="right" csk="2900" data-stat="ranker" scope="row">41</th><td class="left" csk="20.1" data-stat="pos">P</td><td class="left" csk="Gonzales,Marco" data-append-csv="gonzama02" data-stat="player"><a href="/players/g/gonzama02.shtml">Marco Gonzales</a>*</td><td class="right" data-stat="age">31</td><td class="right iz" data-stat="G">0</td><td class="right iz" data-stat="PA">0</td><td class="right iz" data-stat="AB">0</td><td class="right iz" data-stat="R">0</td><td class="right iz" data-stat="H">0</td><td class="right iz" data-stat="2B">0</td><td class="right iz" data-stat="3B">0</td><td class="right iz" data-stat="HR">0</td><td class="right iz" data-stat="RBI">0</td><td class="right iz" data-stat="SB">0</td><td class="right iz" data-stat="CS">0</td><td class="right iz" data-stat="BB">0</td><td class="right iz" data-stat="SO">0</td><td class="right iz" data-stat="batting_avg"></td><td class="right iz" data-stat="onbase_perc"></td><td class="right iz" data-stat="slugging_perc"></td><td class="right iz" data-stat="onbase_plus_slugging"></td><td class="right iz" data-stat="onbase_plus_slugging_plus"></td><td class="right iz" data-stat="TB">0</td><td class="right iz" data-stat="GIDP">0</td><td class="right iz" data-stat="HBP">0</td><td class="right iz" data-stat="SH">0</td><td class="right iz" data-stat="SF">0</td><td class="right iz" data-stat="IBB">0</td></tr>, <tr class="non_qual"><th class="right" csk="2900" data-stat="ranker" scope="row">42</th><td class="left" csk="20.1" data-stat="pos">P</td><td class="left" csk="McGee,Easton" data-append-csv="mcgeeea01" data-stat="player"><a href="/players/m/mcgeeea01.shtml">Easton McGee</a></td><td class="right" data-stat="age">25</td><td class="right iz" data-stat="G">0</td><td class="right iz" data-stat="PA">0</td><td class="right iz" data-stat="AB">0</td><td class="right iz" data-stat="R">0</td><td class="right iz" data-stat="H">0</td><td class="right iz" data-stat="2B">0</td><td class="right iz" data-stat="3B">0</td><td class="right iz" data-stat="HR">0</td><td class="right iz" data-stat="RBI">0</td><td class="right iz" data-stat="SB">0</td><td class="right iz" data-stat="CS">0</td><td class="right iz" data-stat="BB">0</td><td class="right iz" data-stat="SO">0</td><td class="right iz" data-stat="batting_avg"></td><td class="right iz" data-stat="onbase_perc"></td><td class="right iz" data-stat="slugging_perc"></td><td class="right iz" data-stat="onbase_plus_slugging"></td><td class="right iz" data-stat="onbase_plus_slugging_plus"></td><td class="right iz" data-stat="TB">0</td><td class="right iz" data-stat="GIDP">0</td><td class="right iz" data-stat="HBP">0</td><td class="right iz" data-stat="SH">0</td><td class="right iz" data-stat="SF">0</td><td class="right iz" data-stat="IBB">0</td></tr>, <tr class="non_qual"><th class="right" csk="2900" data-stat="ranker" scope="row">43</th><td class="left" csk="20.1" data-stat="pos">P</td><td class="left" csk="Kirby,George" data-append-csv="kirbyge01" data-stat="player"><a href="/players/k/kirbyge01.shtml">George Kirby</a></td><td class="right" data-stat="age">25</td><td class="right iz" data-stat="G">0</td><td class="right iz" data-stat="PA">0</td><td class="right iz" data-stat="AB">0</td><td class="right iz" data-stat="R">0</td><td class="right iz" data-stat="H">0</td><td class="right iz" data-stat="2B">0</td><td class="right iz" data-stat="3B">0</td><td class="right iz" data-stat="HR">0</td><td class="right iz" data-stat="RBI">0</td><td class="right iz" data-stat="SB">0</td><td class="right iz" data-stat="CS">0</td><td class="right iz" data-stat="BB">0</td><td class="right iz" data-stat="SO">0</td><td class="right iz" data-stat="batting_avg"></td><td class="right iz" data-stat="onbase_perc"></td><td class="right iz" data-stat="slugging_perc"></td><td class="right iz" data-stat="onbase_plus_slugging"></td><td class="right iz" data-stat="onbase_plus_slugging_plus"></td><td class="right iz" data-stat="TB">0</td><td class="right iz" data-stat="GIDP">0</td><td class="right iz" data-stat="HBP">0</td><td class="right iz" data-stat="SH">0</td><td class="right iz" data-stat="SF">0</td><td class="right iz" data-stat="IBB">0</td></tr>, <tr class="non_qual"><th class="right" csk="2900" data-stat="ranker" scope="row">44</th><td class="left" csk="20.1" data-stat="pos">P</td><td class="left" csk="Muñoz,Andrés" data-append-csv="munozan01" data-stat="player"><a href="/players/m/munozan01.shtml">Andrés Muñoz</a></td><td class="right" data-stat="age">24</td><td class="right" data-stat="G">1</td><td class="right iz" data-stat="PA">0</td><td class="right iz" data-stat="AB">0</td><td class="right iz" data-stat="R">0</td><td class="right iz" data-stat="H">0</td><td class="right iz" data-stat="2B">0</td><td class="right iz" data-stat="3B">0</td><td class="right iz" data-stat="HR">0</td><td class="right iz" data-stat="RBI">0</td><td class="right iz" data-stat="SB">0</td><td class="right iz" data-stat="CS">0</td><td class="right iz" data-stat="BB">0</td><td class="right iz" data-stat="SO">0</td><td class="right iz" data-stat="batting_avg"></td><td class="right iz" data-stat="onbase_perc"></td><td class="right iz" data-stat="slugging_perc"></td><td class="right iz" data-stat="onbase_plus_slugging"></td><td class="right iz" data-stat="onbase_plus_slugging_plus"></td><td class="right iz" data-stat="TB">0</td><td class="right iz" data-stat="GIDP">0</td><td class="right iz" data-stat="HBP">0</td><td class="right iz" data-stat="SH">0</td><td class="right iz" data-stat="SF">0</td><td class="right iz" data-stat="IBB">0</td></tr>, <tr class="non_qual"><th class="right" csk="2900" data-stat="ranker" scope="row">45</th><td class="left" csk="20.1" data-stat="pos">P</td><td class="left" csk="Topa,Justin" data-append-csv="topaju01" data-stat="player"><a href="/players/t/topaju01.shtml">Justin Topa</a></td><td class="right" data-stat="age">32</td><td class="right" data-stat="G">1</td><td class="right iz" data-stat="PA">0</td><td class="right iz" data-stat="AB">0</td><td class="right iz" data-stat="R">0</td><td class="right iz" data-stat="H">0</td><td class="right iz" data-stat="2B">0</td><td class="right iz" data-stat="3B">0</td><td class="right iz" data-stat="HR">0</td><td class="right iz" data-stat="RBI">0</td><td class="right iz" data-stat="SB">0</td><td class="right iz" data-stat="CS">0</td><td class="right iz" data-stat="BB">0</td><td class="right iz" data-stat="SO">0</td><td class="right iz" data-stat="batting_avg"></td><td class="right iz" data-stat="onbase_perc"></td><td class="right iz" data-stat="slugging_perc"></td><td class="right iz" data-stat="onbase_plus_slugging"></td><td class="right iz" data-stat="onbase_plus_slugging_plus"></td><td class="right iz" data-stat="TB">0</td><td class="right iz" data-stat="GIDP">0</td><td class="right iz" data-stat="HBP">0</td><td class="right iz" data-stat="SH">0</td><td class="right iz" data-stat="SF">0</td><td class="right iz" data-stat="IBB">0</td></tr>, <tr class="non_qual"><th class="right" csk="2900" data-stat="ranker" scope="row">46</th><td class="left" csk="20.1" data-stat="pos">P</td><td class="left" csk="Campbell,Isaiah" data-append-csv="campbis01" data-stat="player"><a href="/players/c/campbis01.shtml">Isaiah Campbell</a></td><td class="right" data-stat="age">25</td><td class="right iz" data-stat="G">0</td><td class="right iz" data-stat="PA">0</td><td class="right iz" data-stat="AB">0</td><td class="right iz" data-stat="R">0</td><td class="right iz" data-stat="H">0</td><td class="right iz" data-stat="2B">0</td><td class="right iz" data-stat="3B">0</td><td class="right iz" data-stat="HR">0</td><td class="right iz" data-stat="RBI">0</td><td class="right iz" data-stat="SB">0</td><td class="right iz" data-stat="CS">0</td><td class="right iz" data-stat="BB">0</td><td class="right iz" data-stat="SO">0</td><td class="right iz" data-stat="batting_avg"></td><td class="right iz" data-stat="onbase_perc"></td><td class="right iz" data-stat="slugging_perc"></td><td class="right iz" data-stat="onbase_plus_slugging"></td><td class="right iz" data-stat="onbase_plus_slugging_plus"></td><td class="right iz" data-stat="TB">0</td><td class="right iz" data-stat="GIDP">0</td><td class="right iz" data-stat="HBP">0</td><td class="right iz" data-stat="SH">0</td><td class="right iz" data-stat="SF">0</td><td class="right iz" data-stat="IBB">0</td></tr>, <tr class="non_qual"><th class="right" csk="2900" data-stat="ranker" scope="row">47</th><td class="left" csk="20.1" data-stat="pos">P</td><td class="left" csk="Ray,Robbie" data-append-csv="rayro02" data-stat="player"><a href="/players/r/rayro02.shtml">Robbie Ray</a>*</td><td class="right" data-stat="age">31</td><td class="right iz" data-stat="G">0</td><td class="right iz" data-stat="PA">0</td><td class="right iz" data-stat="AB">0</td><td class="right iz" data-stat="R">0</td><td class="right iz" data-stat="H">0</td><td class="right iz" data-stat="2B">0</td><td class="right iz" data-stat="3B">0</td><td class="right iz" data-stat="HR">0</td><td class="right iz" data-stat="RBI">0</td><td class="right iz" data-stat="SB">0</td><td class="right iz" data-stat="CS">0</td><td class="right iz" data-stat="BB">0</td><td class="right iz" data-stat="SO">0</td><td class="right iz" data-stat="batting_avg"></td><td class="right iz" data-stat="onbase_perc"></td><td class="right iz" data-stat="slugging_perc"></td><td class="right iz" data-stat="onbase_plus_slugging"></td><td class="right iz" data-stat="onbase_plus_slugging_plus"></td><td class="right iz" data-stat="TB">0</td><td class="right iz" data-stat="GIDP">0</td><td class="right iz" data-stat="HBP">0</td><td class="right iz" data-stat="SH">0</td><td class="right iz" data-stat="SF">0</td><td class="right iz" data-stat="IBB">0</td></tr>, <tr class="non_qual"><th class="right" csk="2900" data-stat="ranker" scope="row">48</th><td class="left" csk="20.1" data-stat="pos">P</td><td class="left" csk="Gilbert,Logan" data-append-csv="gilbelo01" data-stat="player"><a href="/players/g/gilbelo01.shtml">Logan Gilbert</a></td><td class="right" data-stat="age">26</td><td class="right iz" data-stat="G">0</td><td class="right iz" data-stat="PA">0</td><td class="right iz" data-stat="AB">0</td><td class="right iz" data-stat="R">0</td><td class="right iz" data-stat="H">0</td><td class="right iz" data-stat="2B">0</td><td class="right iz" data-stat="3B">0</td><td class="right iz" data-stat="HR">0</td><td class="right iz" data-stat="RBI">0</td><td class="right iz" data-stat="SB">0</td><td class="right iz" data-stat="CS">0</td><td class="right iz" data-stat="BB">0</td><td class="right iz" data-stat="SO">0</td><td class="right iz" data-stat="batting_avg"></td><td class="right iz" data-stat="onbase_perc"></td><td class="right iz" data-stat="slugging_perc"></td><td class="right iz" data-stat="onbase_plus_slugging"></td><td class="right iz" data-stat="onbase_plus_slugging_plus"></td><td class="right iz" data-stat="TB">0</td><td class="right iz" data-stat="GIDP">0</td><td class="right iz" data-stat="HBP">0</td><td class="right iz" data-stat="SH">0</td><td class="right iz" data-stat="SF">0</td><td class="right iz" data-stat="IBB">0</td></tr>, <tr class="non_qual"><th class="right" csk="2900" data-stat="ranker" scope="row">49</th><td class="left" csk="20.1" data-stat="pos">P</td><td class="left" csk="Bukauskas,JB" data-append-csv="bukaujb01" data-stat="player"><a href="/players/b/bukaujb01.shtml">JB Bukauskas</a></td><td class="right" data-stat="age">26</td><td class="right" data-stat="G">1</td><td class="right iz" data-stat="PA">0</td><td class="right iz" data-stat="AB">0</td><td class="right iz" data-stat="R">0</td><td class="right iz" data-stat="H">0</td><td class="right iz" data-stat="2B">0</td><td class="right iz" data-stat="3B">0</td><td class="right iz" data-stat="HR">0</td><td class="right iz" data-stat="RBI">0</td><td class="right iz" data-stat="SB">0</td><td class="right iz" data-stat="CS">0</td><td class="right iz" data-stat="BB">0</td><td class="right iz" data-stat="SO">0</td><td class="right iz" data-stat="batting_avg"></td><td class="right iz" data-stat="onbase_perc"></td><td class="right iz" data-stat="slugging_perc"></td><td class="right iz" data-stat="onbase_plus_slugging"></td><td class="right iz" data-stat="onbase_plus_slugging_plus"></td><td class="right iz" data-stat="TB">0</td><td class="right iz" data-stat="GIDP">0</td><td class="right iz" data-stat="HBP">0</td><td class="right iz" data-stat="SH">0</td><td class="right iz" data-stat="SF">0</td><td class="right iz" data-stat="IBB">0</td></tr>, <tr class="non_qual"><th class="right" csk="2900" data-stat="ranker" scope="row">50</th><td class="left" csk="20.1" data-stat="pos">P</td><td class="left" csk="Miller,Bryce" data-append-csv="millebr04" data-stat="player"><a href="/players/m/millebr04.shtml">Bryce Miller</a></td><td class="right" data-stat="age">24</td><td class="right iz" data-stat="G">0</td><td class="right iz" data-stat="PA">0</td><td class="right iz" data-stat="AB">0</td><td class="right iz" data-stat="R">0</td><td class="right iz" data-stat="H">0</td><td class="right iz" data-stat="2B">0</td><td class="right iz" data-stat="3B">0</td><td class="right iz" data-stat="HR">0</td><td class="right iz" data-stat="RBI">0</td><td class="right iz" data-stat="SB">0</td><td class="right iz" data-stat="CS">0</td><td class="right iz" data-stat="BB">0</td><td class="right iz" data-stat="SO">0</td><td class="right iz" data-stat="batting_avg"></td><td class="right iz" data-stat="onbase_perc"></td><td class="right iz" data-stat="slugging_perc"></td><td class="right iz" data-stat="onbase_plus_slugging"></td><td class="right iz" data-stat="onbase_plus_slugging_plus"></td><td class="right iz" data-stat="TB">0</td><td class="right iz" data-stat="GIDP">0</td><td class="right iz" data-stat="HBP">0</td><td class="right iz" data-stat="SH">0</td><td class="right iz" data-stat="SF">0</td><td class="right iz" data-stat="IBB">0</td></tr>, <tr class="non_qual"><th class="right" csk="2900" data-stat="ranker" scope="row">51</th><td class="left" csk="20.1" data-stat="pos">P</td><td class="left" csk="McCaughan,Darren" data-append-csv="mccauda01" data-stat="player"><a href="/players/m/mccauda01.shtml">Darren McCaughan</a></td><td class="right" data-stat="age">27</td><td class="right iz" data-stat="G">0</td><td class="right iz" data-stat="PA">0</td><td class="right iz" data-stat="AB">0</td><td class="right iz" data-stat="R">0</td><td class="right iz" data-stat="H">0</td><td class="right iz" data-stat="2B">0</td><td class="right iz" data-stat="3B">0</td><td class="right iz" data-stat="HR">0</td><td class="right iz" data-stat="RBI">0</td><td class="right iz" data-stat="SB">0</td><td class="right iz" data-stat="CS">0</td><td class="right iz" data-stat="BB">0</td><td class="right iz" data-stat="SO">0</td><td class="right iz" data-stat="batting_avg"></td><td class="right iz" data-stat="onbase_perc"></td><td class="right iz" data-stat="slugging_perc"></td><td class="right iz" data-stat="onbase_plus_slugging"></td><td class="right iz" data-stat="onbase_plus_slugging_plus"></td><td class="right iz" data-stat="TB">0</td><td class="right iz" data-stat="GIDP">0</td><td class="right iz" data-stat="HBP">0</td><td class="right iz" data-stat="SH">0</td><td class="right iz" data-stat="SF">0</td><td class="right iz" data-stat="IBB">0</td></tr>, <tr class="non_qual"><th class="right" csk="2900" data-stat="ranker" scope="row">52</th><td class="left" csk="20.1" data-stat="pos">P</td><td class="left" csk="Brash,Matt" data-append-csv="brashma01" data-stat="player"><a href="/players/b/brashma01.shtml">Matt Brash</a></td><td class="right" data-stat="age">25</td><td class="right" data-stat="G">1</td><td class="right iz" data-stat="PA">0</td><td class="right iz" data-stat="AB">0</td><td class="right iz" data-stat="R">0</td><td class="right iz" data-stat="H">0</td><td class="right iz" data-stat="2B">0</td><td class="right iz" data-stat="3B">0</td><td class="right iz" data-stat="HR">0</td><td class="right iz" data-stat="RBI">0</td><td class="right iz" data-stat="SB">0</td><td class="right iz" data-stat="CS">0</td><td class="right iz" data-stat="BB">0</td><td class="right iz" data-stat="SO">0</td><td class="right iz" data-stat="batting_avg"></td><td class="right iz" data-stat="onbase_perc"></td><td class="right iz" data-stat="slugging_perc"></td><td class="right iz" data-stat="onbase_plus_slugging"></td><td class="right iz" data-stat="onbase_plus_slugging_plus"></td><td class="right iz" data-stat="TB">0</td><td class="right iz" data-stat="GIDP">0</td><td class="right iz" data-stat="HBP">0</td><td class="right iz" data-stat="SH">0</td><td class="right iz" data-stat="SF">0</td><td class="right iz" data-stat="IBB">0</td></tr>, <tr class="non_qual"><th class="right" csk="2900" data-stat="ranker" scope="row">53</th><td class="left" csk="20.1" data-stat="pos">P</td><td class="left" csk="Festa,Matt" data-append-csv="festama01" data-stat="player"><a href="/players/f/festama01.shtml">Matt Festa</a></td><td class="right" data-stat="age">30</td><td class="right iz" data-stat="G">0</td><td class="right iz" data-stat="PA">0</td><td class="right iz" data-stat="AB">0</td><td class="right iz" data-stat="R">0</td><td class="right iz" data-stat="H">0</td><td class="right iz" data-stat="2B">0</td><td class="right iz" data-stat="3B">0</td><td class="right iz" data-stat="HR">0</td><td class="right iz" data-stat="RBI">0</td><td class="right iz" data-stat="SB">0</td><td class="right iz" data-stat="CS">0</td><td class="right iz" data-stat="BB">0</td><td class="right iz" data-stat="SO">0</td><td class="right iz" data-stat="batting_avg"></td><td class="right iz" data-stat="onbase_perc"></td><td class="right iz" data-stat="slugging_perc"></td><td class="right iz" data-stat="onbase_plus_slugging"></td><td class="right iz" data-stat="onbase_plus_slugging_plus"></td><td class="right iz" data-stat="TB">0</td><td class="right iz" data-stat="GIDP">0</td><td class="right iz" data-stat="HBP">0</td><td class="right iz" data-stat="SH">0</td><td class="right iz" data-stat="SF">0</td><td class="right iz" data-stat="IBB">0</td></tr>, <tr class="non_qual"><th class="right" csk="2900" data-stat="ranker" scope="row">54</th><td class="left" csk="20.1" data-stat="pos">P</td><td class="left" csk="Hancock,Emerson" data-append-csv="hancoem01" data-stat="player"><a href="/players/h/hancoem01.shtml">Emerson Hancock</a></td><td class="right" data-stat="age">24</td><td class="right iz" data-stat="G">0</td><td class="right iz" data-stat="PA">0</td><td class="right iz" data-stat="AB">0</td><td class="right iz" data-stat="R">0</td><td class="right iz" data-stat="H">0</td><td class="right iz" data-stat="2B">0</td><td class="right iz" data-stat="3B">0</td><td class="right iz" data-stat="HR">0</td><td class="right iz" data-stat="RBI">0</td><td class="right iz" data-stat="SB">0</td><td class="right iz" data-stat="CS">0</td><td class="right iz" data-stat="BB">0</td><td class="right iz" data-stat="SO">0</td><td class="right iz" data-stat="batting_avg"></td><td class="right iz" data-stat="onbase_perc"></td><td class="right iz" data-stat="slugging_perc"></td><td class="right iz" data-stat="onbase_plus_slugging"></td><td class="right iz" data-stat="onbase_plus_slugging_plus"></td><td class="right iz" data-stat="TB">0</td><td class="right iz" data-stat="GIDP">0</td><td class="right iz" data-stat="HBP">0</td><td class="right iz" data-stat="SH">0</td><td class="right iz" data-stat="SF">0</td><td class="right iz" data-stat="IBB">0</td></tr>, <tr class="non_qual"><th class="right" csk="2900" data-stat="ranker" scope="row">55</th><td class="left" csk="20.1" data-stat="pos">P</td><td class="left" csk="Milone,Tommy" data-append-csv="milonto01" data-stat="player"><a href="/players/m/milonto01.shtml">Tommy Milone</a>*</td><td class="right" data-stat="age">36</td><td class="right iz" data-stat="G">0</td><td class="right iz" data-stat="PA">0</td><td class="right iz" data-stat="AB">0</td><td class="right iz" data-stat="R">0</td><td class="right iz" data-stat="H">0</td><td class="right iz" data-stat="2B">0</td><td class="right iz" data-stat="3B">0</td><td class="right iz" data-stat="HR">0</td><td class="right iz" data-stat="RBI">0</td><td class="right iz" data-stat="SB">0</td><td class="right iz" data-stat="CS">0</td><td class="right iz" data-stat="BB">0</td><td class="right iz" data-stat="SO">0</td><td class="right iz" data-stat="batting_avg"></td><td class="right iz" data-stat="onbase_perc"></td><td class="right iz" data-stat="slugging_perc"></td><td class="right iz" data-stat="onbase_plus_slugging"></td><td class="right iz" data-stat="onbase_plus_slugging_plus"></td><td class="right iz" data-stat="TB">0</td><td class="right iz" data-stat="GIDP">0</td><td class="right iz" data-stat="HBP">0</td><td class="right iz" data-stat="SH">0</td><td class="right iz" data-stat="SF">0</td><td class="right iz" data-stat="IBB">0</td></tr>, <tr class="non_qual"><th class="right" csk="2900" data-stat="ranker" scope="row">56</th><td class="left" csk="20.1" data-stat="pos">P</td><td class="left" csk="Saucedo,Tayler" data-append-csv="sauceta01" data-stat="player"><a href="/players/s/sauceta01.shtml">Tayler Saucedo</a>*</td><td class="right" data-stat="age">30</td><td class="right" data-stat="G">2</td><td class="right iz" data-stat="PA">0</td><td class="right iz" data-stat="AB">0</td><td class="right iz" data-stat="R">0</td><td class="right iz" data-stat="H">0</td><td class="right iz" data-stat="2B">0</td><td class="right iz" data-stat="3B">0</td><td class="right iz" data-stat="HR">0</td><td class="right iz" data-stat="RBI">0</td><td class="right iz" data-stat="SB">0</td><td class="right iz" data-stat="CS">0</td><td class="right iz" data-stat="BB">0</td><td class="right iz" data-stat="SO">0</td><td class="right iz" data-stat="batting_avg"></td><td class="right iz" data-stat="onbase_perc"></td><td class="right iz" data-stat="slugging_perc"></td><td class="right iz" data-stat="onbase_plus_slugging"></td><td class="right iz" data-stat="onbase_plus_slugging_plus"></td><td class="right iz" data-stat="TB">0</td><td class="right iz" data-stat="GIDP">0</td><td class="right iz" data-stat="HBP">0</td><td class="right iz" data-stat="SH">0</td><td class="right iz" data-stat="SF">0</td><td class="right iz" data-stat="IBB">0</td></tr>]
